{
 "说明": "事后补充分析，只作描述；报 p 值的都是事后，仅供参考；主检验结论以 reproduce_v1.json 为准（未通过）",
 "P1a·只用通则步的覆盖": {
  "通则步": 759,
  "其中推理步": 138,
  "盘数": 600,
  "推到行为路线成败任一层": 571,
  "推到成败": 486,
  "各层盘数": {
   "定性": 31,
   "长相": 8,
   "个性": 114,
   "行为": 153,
   "路线": 553,
   "成败": 486
  },
  "最长链分布": {
   "1": 8,
   "2": 526,
   "3": 66
  },
  "最长链": {
   "中位数": 2.0,
   "下四分位": 2.0,
   "上四分位": 2.0,
   "最大": 3
  },
  "用上的推理步条数": {
   "中位数": 13.0,
   "下四分位": 8.0,
   "上四分位": 17.0,
   "最大": 28
  }
 },
 "P1b·只用通则步的主检验（事后）": {
  "人数": 24,
  "平均u": 0.417,
  "p_单侧_事后": 0.0292,
  "对照·原主检验平均u": 0.4319
 },
 "P2·候选盘": {
  "每张候选各算再平均的平均u": 0.4257,
  "原平均u": 0.4319,
  "单候选人数": 12,
  "单候选平均u": 0.3993,
  "多候选人数": 12,
  "多候选原平均u": 0.4645,
  "多候选每张各算平均u": 0.452
 },
 "P3·同性别对照": {
  "人数": 19,
  "平均u": 0.3946,
  "这些人的原平均u": 0.3906,
  "留出盘性别": {
   "女": 287,
   "男": 313
  }
 },
 "P5·推不出的结点": {
  "合计": 93,
  "时段内有通则步以它为结论": 3,
  "时段内有引擎可用的通则步以它为结论": 2,
  "出现在别人判断集里": 36
 },
 "P6·判断集的步在本人盘上": {
  "都不成立": 59,
  "各候选都成立": 39,
  "原话没说出盘面": 51,
  "含格": 11
 },
 "P7·分布": {
  "本人盘得分为0的人数": 14,
  "这些人": [
   "H16",
   "H17",
   "H18",
   "H23",
   "H25",
   "H27",
   "H31",
   "H34",
   "H36",
   "H37",
   "H38",
   "H39",
   "H42",
   "H43"
  ],
  "u小于0.5的人数": 10,
  "u小于0.5恰是得分大于0的人": true,
  "u大于0.8的人": [
   "H27",
   "H38",
   "H39"
  ],
  "平均u的自助法95%区间": [
   0.334,
   0.5293
  ]
 },
 "P8·连线方向": {
  "往后推": 134,
  "涉及其余领域": 258,
  "同层": 27,
  "往回推": 15
 },
 "P9·命宫两说按层的盘数": {
  "成败": 398,
  "定性": 384,
  "个性": 262,
  "其他": 179,
  "婚姻": 176,
  "行为": 67,
  "官非": 63,
  "父母": 29,
  "财": 26,
  "意外": 18,
  "朋友合伙": 6
 },
 "P10·抽取一致": {
  "定稿来源按类型": {
   "定性步·只乙": 59,
   "定性步·只甲": 53,
   "定性步·甲乙": 1286,
   "定性步·补入": 1,
   "推理步·只乙": 18,
   "推理步·只甲": 17,
   "推理步·甲乙": 392
  },
  "至少一人说有推理步的条目": 342,
  "其中两人都说有的比例": 0.8012
 }
}
{"有重叠的两人对": 21, "落在两人以上时段内的知识库步": 206, "计入者里判断集结点也在别人判断集里的人数": 21, "计入者判断集结点里也在别人判断集里的结点合计": 81} [{'两人': ['H02', 'H20'], '重叠秒数': 221}, {'两人': ['H02', 'H21'], '重叠秒数': 842}, {'两人': ['H02', 'H23'], '重叠秒数': 232}, {'两人': ['H07', 'H23'], '重叠秒数': 180}, {'两人': ['H16', 'H17'], '重叠秒数': 37}, {'两人': ['H17', 'H18'], '重叠秒数': 199}, {'两人': ['H19', 'H20'], '重叠秒数': 234}, {'两人': ['H21', 'H23'], '重叠秒数': 235}, {'两人': ['H25', 'H26'], '重叠秒数': 213}, {'两人': ['H26', 'H27'], '重叠秒数': 231}, {'两人': ['H27', 'H28'], '重叠秒数': 224}, {'两人': ['H30', 'H31'], '重叠秒数': 240}, {'两人': ['H32', 'H33'], '重叠秒数': 237}, {'两人': ['H33', 'H34'], '重叠秒数': 240}, {'两人': ['H33', 'H35'], '重叠秒数': 105}, {'两人': ['H34', 'H35'], '重叠秒数': 240}, {'两人': ['H36', 'H37'], '重叠秒数': 180}, {'两人': ['H37', 'H38'], '重叠秒数': 226}, {'两人': ['H38', 'H39'], '重叠秒数': 180}, {'两人': ['H41', 'H42'], '重叠秒数': 238}]
python3 chain_posthoc_v1.py --kb chain_kb_v1.json --persons  --holdout  --mai  37.07s user 0.53s system 99% cpu 37.942 total
