{
 "说明": "第二轮内审后的补充描述，只作描述，不报 p 值；主检验结论以 reproduce_v1.json 为准（未通过）",
 "Q1·判断集的步在本人盘上（拆开）": {
  "原话没说出盘面": 51,
  "含格": 11,
  "推理步·各候选都成立": 7,
  "推理步·附加条件不成立": 2,
  "推理步·附加条件成立但前提没推出": 28,
  "起步·各候选都成立": 32,
  "起步·条件都不成立": 29
 },
 "Q2·去重": {
  "判断集结点·按人累计": 156,
  "判断集结点·不重复": 109,
  "出现在两人以上判断集里的结点": 34,
  "判断集的步·按人累计": 160,
  "判断集的步·不重复": 126,
  "剔除后推不出·按人累计": 93,
  "剔除后推不出·不重复": 74
 },
 "Q3·推不出的结点在整个知识库里（按人累计）": {
  "整个知识库在本人时段外都没有以它为结论的步": 84,
  "本人时段外有先天但不可操作的步": 6,
  "本人时段外只有大限流年小限的步": 3
 },
 "Q4·推得出的判断本人盘推出多少": {
  "至少一个结点剔除后仍有步可推的人数": 21,
  "其中本人盘一个也没推出的人数": 11,
  "这些人": [
   "H17",
   "H18",
   "H23",
   "H25",
   "H27",
   "H31",
   "H34",
   "H36",
   "H37",
   "H38",
   "H39"
  ],
  "剔除后仍有步可推的结点·按人累计": 63,
  "本人盘推出的": 16
 },
 "Q6·不加前后2分钟": {
  "计入人数": 22,
  "平均u": 0.3924,
  "判断集结点·按人累计": 126,
  "各人": [
   [
    "H02",
    0.285,
    17
   ],
   [
    "H07",
    0.1583,
    5
   ],
   [
    "H15",
    0.2083,
    5
   ],
   [
    "H16",
    0.5,
    2
   ],
   [
    "H17",
    0.5058,
    2
   ],
   [
    "H18",
    0.6408,
    9
   ],
   [
    "H19",
    0.185,
    5
   ],
   [
    "H20",
    0.0142,
    6
   ],
   [
    "H21",
    0.185,
    5
   ],
   [
    "H23",
    0.6483,
    11
   ],
   [
    "H25",
    0.555,
    5
   ],
   [
    "H26",
    0.16,
    5
   ],
   [
    "H27",
    0.58,
    2
   ],
   [
    "H28",
    0.2742,
    4
   ],
   [
    "H31",
    0.54,
    2
   ],
   [
    "H32",
    0.095,
    6
   ],
   [
    "H33",
    0.065,
    6
   ],
   [
    "H37",
    0.6033,
    10
   ],
   [
    "H38",
    0.5442,
    3
   ],
   [
    "H39",
    0.885,
    14
   ],
   [
    "H42",
    0.5,
    1
   ],
   [
    "H43",
    0.5,
    1
   ]
  ]
 },
 "Q7·候选盘性别不一": {
  "人数": 5,
  "各人": [
   {
    "person_id": "H20",
    "性别": [
     "女",
     "男"
    ],
    "u": 0.0142
   },
   {
    "person_id": "H36",
    "性别": [
     "女",
     "男"
    ],
    "u": 0.6033
   },
   {
    "person_id": "H37",
    "性别": [
     "女",
     "男"
    ],
    "u": 0.6033
   },
   {
    "person_id": "H38",
    "性别": [
     "女",
     "男"
    ],
    "u": 0.8383
   },
   {
    "person_id": "H39",
    "性别": [
     "女",
     "男"
    ],
    "u": 0.885
   }
  ],
  "平均u": 0.5888
 }
}
{"判断集的步·按人累计": 160, "其中同时落在别人时段内的": 68, "涉及人数": 17, "计入者之间时段重叠的两人对": 17, "其中共有判断集结点的对数": 12, "共有结点合计": 36}
python3 chain_posthoc2_v1.py --kb chain_kb_v1.json --persons  --holdout       23.12s user 0.33s system 100% cpu 23.384 total
