{
 "schema": "chain-reproduce-v1",
 "seed": "METIS-V4-复现检验-20261007",
 "n_mc": 10000,
 "holdout_charts": 600,
 "kb_engine_steps": 1098,
 "人数": {
  "M4命例": 28,
  "计入": 24,
  "不计入（倪师判断集为空）": 4
 },
 "主检验": {
  "平均u": 0.4319,
  "p_单侧": 0.0655,
  "u中位数": 0.5,
  "u小于0.5的人数": 10,
  "u不大于0.05的人数": 1
 },
 "另报·只用定性步": {
  "平均u": 0.4352,
  "p_单侧": 0.0714
 },
 "另报·推理步连线": {
  "连线合计": 42,
  "本人盘复现": 1,
  "比例": 0.0238,
  "留出盘复现比例的平均（各人平均再平均）": 0.0099
 }
}
python3 chain_reproduce_v1.py --kb chain_kb_v1.json --persons  --holdout     33.08s user 0.44s system 99% cpu 33.763 total
